// Jest Snapshot v1, https://goo.gl/fbAQLP

exports[`if Boxlist matches snapshot 1`] = `
<DocumentFragment>
  <div>
    <form>
      <label
        for="backgroundColor"
      >
        Background Color:
      </label>
      <input
        id="backgroundColor"
        name="backgroundColor"
        type="color"
        value="#000000"
      />
      <label
        for="width"
      >
        Width:
      </label>
      <input
        id="width"
        name="width"
        type="number"
        value="100"
      />
      <label
        for="height"
      >
        Height:
      </label>
      <input
        id="height"
        name="height"
        type="number"
        value="100"
      />
      <button>
        Add new box
      </button>
    </form>
  </div>
</DocumentFragment>
`;
