// Jest Snapshot v1, https://goo.gl/fbAQLP

exports[`if NewTodoForm matches snapshot 1`] = `
<DocumentFragment>
  <form>
    <label
      for="task"
    >
      New todo:
    </label>
    <input
      id="task"
      name="task"
      type="text"
      value="Complete React assignments"
    />
    <button>
      Add new todo
    </button>
  </form>
</DocumentFragment>
`;
